lv1 fixed
lv2 fixed
lv3 ok  longest=14 nodes=203 (best of 4147)
        .....
        .1...
        .....
        .23..
        21..3
lv4 ok  longest=10 nodes=227 (best of 3094)
        1....
        ...P.
        .P.21
        ....3
        3...2
lv5 ok  longest=8 nodes=120 (best of 4996)
        .24.3
        .3..4
        ...P.
        2P...
        1...1
lv6 ok  longest=12 nodes=781 (best of 205)
        43..1.
        ....2.
        .4....
        .2....
        .3..1.
        ......
lv7 ok  longest=18 nodes=1114 (best of 116)
        34....
        ...2..
        P3.1..
        .2....
        .4....
        ..1..P
lv8 ok  longest=11 nodes=420 (best of 552)
        54P...
        ..5.2.
        .1..1.
        ...P.2
        .....3
        .43...
lv9 ok  longest=9 nodes=154 (best of 137)
        32P6.4
        .....5
        ..1...
        .2....
        .1...P
        .34.56
lv10 ok  longest=15 nodes=1206 (best of 6)
        .......
        .5412..
        .......
        .......
        4.231..
        3......
        ......5
lv11 ok  longest=18 nodes=4916 (best of 5)
        ......3
        .P....4
        .......
        ..1..3.
        ....P25
        .12....
        ...45..
lv12 ok  longest=14 nodes=2837 (best of 52)
        ....15.
        .P..26.
        .......
        .......
        ..P...5
        3...164
        2.34...
lv13 ok  longest=16 nodes=5054 (best of 52)
        .3...P5
        .4....4
        32.....
        ...6...
        21.....
        .P...1.
        56.....
lv14 ok  longest=18 nodes=984 (best of 85)
        3P54..3
        2....P4
        ..65...
        .....1.
        ..7....
        ....761
        ......2
lv15 ok  longest=16 nodes=2558 (best of 42)
        43....3
        ......2
        ....7..
        4..P...
        5..1...
        .6..7..
        .5P.612
lv16 ok  longest=18 nodes=529 (best of 12)
        .......
        .P.23.2
        .7..P.1
        .6.....
        ...734.
        ....5..
        56..4.1
